aliza@DESKTOP-D8G3AB4 MINGW64 /c/FSD Folder/02 - GITHUB (main)
$ git status
On branch main
Your branch is up to date with 'origin/main'.

Changes not staged for commit:
  (use "git add <file>..." to update what will be committed)
  (use "git restore <file>..." to discard changes in working directory)
        modified:   Git details.txt

Untracked files:
  (use "git add <file>..." to include in what will be committed)
        FirstRepositoryAttempt/
        git check.rtf
        git commands description.xlsx
        ~$git commands description.xlsx

no changes added to commit (use "git add" and/or "git commit -a")

aliza@DESKTOP-D8G3AB4 MINGW64 /c/FSD Folder/02 - GITHUB (main)
$ git add
Nothing specified, nothing added.
hint: Maybe you wanted to say 'git add .'?
hint: Turn this message off by running
hint: "git config advice.addEmptyPathspec false"

aliza@DESKTOP-D8G3AB4 MINGW64 /c/FSD Folder/02 - GITHUB (main)
$ git add .
warning: adding embedded git repository: FirstRepositoryAttempt
hint: You've added another git repository inside your current repository.
hint: Clones of the outer repository will not contain the contents of
hint: the embedded repository and will not know how to obtain it.
hint: If you meant to add a submodule, use:
hint:
hint:   git submodule add <url> FirstRepositoryAttempt
hint:
hint: If you added this path by mistake, you can remove it from the
hint: index with:
hint:
hint:   git rm --cached FirstRepositoryAttempt
hint:
hint: See "git help submodule" for more information.
error: open("~$git commands description.xlsx"): Permission denied
error: unable to index file '~$git commands description.xlsx'
fatal: adding files failed

aliza@DESKTOP-D8G3AB4 MINGW64 /c/FSD Folder/02 - GITHUB (main)
$ git commit -m "started recording git progress"
On branch main
Your branch is up to date with 'origin/main'.

Changes not staged for commit:
  (use "git add <file>..." to update what will be committed)
  (use "git restore <file>..." to discard changes in working directory)
        modified:   Git details.txt

Untracked files:
  (use "git add <file>..." to include in what will be committed)
        FirstRepositoryAttempt/
        git check.rtf
        git commands description.xlsx
        ~$git commands description.xlsx

no changes added to commit (use "git add" and/or "git commit -a")